2026-03-27 22:12:57 Loaded main app package /usr/lib/obsidian/obsidian.asar
2026-03-27 22:12:57 Checking for update using Github
2026-03-27 22:12:59 Success.
2026-03-27 22:12:59 Latest version is 1.12.7
2026-03-27 22:12:59 App is up to date.
2026-03-27 22:16:01 Loaded main app package /usr/lib/obsidian/obsidian.asar
2026-03-27 22:16:01 Checking for update using Github
2026-03-27 22:16:01 Success.
2026-03-27 22:16:01 Latest version is 1.12.7
2026-03-27 22:16:01 App is up to date.
2026-03-27 23:20:23 Loaded main app package /usr/lib/obsidian/obsidian.asar
2026-03-27 23:20:23 Checking for update using Github
2026-03-27 23:20:24 Success.
2026-03-27 23:20:24 Latest version is 1.12.7
2026-03-27 23:20:24 App is up to date.
2026-03-31 21:49:12 Loaded main app package /usr/lib/obsidian/obsidian.asar
2026-03-31 21:49:12 Checking for update using Github
2026-03-31 21:49:13 Success.
2026-03-31 21:49:13 Latest version is 1.12.7
2026-03-31 21:49:13 App is up to date.
2026-04-12 19:55:35 Loaded main app package /usr/lib/obsidian/obsidian.asar
2026-04-12 19:55:35 Checking for update using Github
2026-04-12 19:55:36 Success.
2026-04-12 19:55:36 Latest version is 1.12.7
2026-04-12 19:55:36 App is up to date.
2026-04-12 20:55:35 Checking for update using Github
2026-04-12 20:55:35 Success.
2026-04-12 20:55:35 Latest version is 1.12.7
2026-04-12 20:55:35 App is up to date.
2026-04-12 21:55:35 Checking for update using Github
2026-04-12 21:55:35 Success.
2026-04-12 21:55:35 Latest version is 1.12.7
2026-04-12 21:55:35 App is up to date.
2026-04-12 22:55:35 Checking for update using Github
2026-04-12 22:55:35 Success.
2026-04-12 22:55:35 Latest version is 1.12.7
2026-04-12 22:55:35 App is up to date.
2026-04-25 17:32:27 Loaded main app package /usr/lib/obsidian/obsidian.asar
2026-04-25 17:32:28 Checking for update using Github
2026-04-25 17:32:28 Success.
2026-04-25 17:32:28 Latest version is 1.12.7
2026-04-25 17:32:28 App is up to date.
2026-04-25 16:32:27 Checking for update using Github
2026-04-25 16:32:27 Success.
2026-04-25 16:32:27 Latest version is 1.12.7
2026-04-25 16:32:27 App is up to date.
2026-04-25 17:32:27 Checking for update using Github
2026-04-25 17:32:27 Success.
2026-04-25 17:32:27 Latest version is 1.12.7
2026-04-25 17:32:27 App is up to date.
2026-04-25 18:32:27 Checking for update using Github
2026-04-25 18:32:28 Success.
2026-04-25 18:32:28 Latest version is 1.12.7
2026-04-25 18:32:28 App is up to date.
